// Jest Snapshot v1, https://goo.gl/fbAQLP

exports[`UsersPanel renders correctly 1`] = `
<div class="users-panel-container">
  <div class="addUserBtn-container"><button class="addUserBtn">Add User</button></div>
  <h2>Current Users</h2>
  <user-stub user="[object Object]"></user-stub>
  <user-stub user="[object Object]"></user-stub>
</div>
`;
